26-03-27 09:42:29.554 [background-preinit] INFO  o.h.validator.internal.util.Version - HV000001: Hibernate Validator 8.0.3.Final
26-03-27 09:42:29.729 [restartedMain] INFO  c.s.m.discodeit.DiscodeitApplication - Starting DiscodeitApplication using Java 17.0.15 with PID 3224 (C:\Users\ASUS\Desktop\dev\web\codeit_sprint_bootcamp\sprint-mission\9-sprint-mission\discodeit\build\classes\java\main started by ASUS in C:\Users\ASUS\Desktop\dev\web\codeit_sprint_bootcamp\sprint-mission\9-sprint-mission)
26-03-27 09:42:29.731 [restartedMain] INFO  c.s.m.discodeit.DiscodeitApplication - The following 1 profile is active: "dev"
26-03-27 09:42:29.852 [restartedMain] INFO  o.s.b.d.e.DevToolsPropertyDefaultsPostProcessor - Devtools property defaults active! Set 'spring.devtools.add-properties' to 'false' to disable
26-03-27 09:42:29.852 [restartedMain] INFO  o.s.b.d.e.DevToolsPropertyDefaultsPostProcessor - For additional web related logging consider setting the 'logging.level.web' property to 'DEBUG'
26-03-27 09:42:32.880 [restartedMain] INFO  o.s.d.r.c.RepositoryConfigurationDelegate - Bootstrapping Spring Data JPA repositories in DEFAULT mode.
26-03-27 09:42:33.044 [restartedMain] INFO  o.s.d.r.c.RepositoryConfigurationDelegate - Finished Spring Data repository scanning in 146 ms. Found 6 JPA repository interfaces.
26-03-27 09:42:34.400 [restartedMain] INFO  o.s.b.w.e.tomcat.TomcatWebServer - Tomcat initialized with port 8080 (http)
26-03-27 09:42:34.424 [restartedMain] INFO  o.a.coyote.http11.Http11NioProtocol - Initializing ProtocolHandler ["http-nio-8080"]
26-03-27 09:42:34.427 [restartedMain] INFO  o.a.catalina.core.StandardService - Starting service [Tomcat]
26-03-27 09:42:34.428 [restartedMain] INFO  o.a.catalina.core.StandardEngine - Starting Servlet engine: [Apache Tomcat/10.1.50]
26-03-27 09:42:34.556 [restartedMain] INFO  o.a.c.c.C.[Tomcat].[localhost].[/] - Initializing Spring embedded WebApplicationContext
26-03-27 09:42:34.557 [restartedMain] INFO  o.s.b.w.s.c.ServletWebServerApplicationContext - Root WebApplicationContext: initialization completed in 4704 ms
26-03-27 09:42:35.089 [restartedMain] INFO  o.h.jpa.internal.util.LogHelper - HHH000204: Processing PersistenceUnitInfo [name: default]
26-03-27 09:42:35.239 [restartedMain] INFO  org.hibernate.Version - HHH000412: Hibernate ORM core version 6.6.41.Final
26-03-27 09:42:35.326 [restartedMain] INFO  o.h.c.i.RegionFactoryInitiator - HHH000026: Second-level cache disabled
26-03-27 09:42:36.003 [restartedMain] INFO  o.s.o.j.p.SpringPersistenceUnitInfo - No LoadTimeWeaver setup: ignoring JPA class transformer
26-03-27 09:42:36.077 [restartedMain] INFO  com.zaxxer.hikari.HikariDataSource - HikariPool-1 - Starting...
26-03-27 09:42:36.526 [restartedMain] INFO  com.zaxxer.hikari.pool.HikariPool - HikariPool-1 - Added connection conn0: url=jdbc:h2:mem:discodeit_db user=SA
26-03-27 09:42:36.529 [restartedMain] INFO  com.zaxxer.hikari.HikariDataSource - HikariPool-1 - Start completed.
26-03-27 09:42:36.589 [restartedMain] WARN  org.hibernate.orm.deprecation - HHH90000025: H2Dialect does not need to be specified explicitly using 'hibernate.dialect' (remove the property setting and it will be selected by default)
26-03-27 09:42:36.642 [restartedMain] INFO  o.hibernate.orm.connections.pooling - HHH10001005: Database info:
	Database JDBC URL [Connecting through datasource 'HikariDataSource (HikariPool-1)']
	Database driver: undefined/unknown
	Database version: 2.3.232
	Autocommit mode: undefined/unknown
	Isolation level: undefined/unknown
	Minimum pool size: undefined/unknown
	Maximum pool size: undefined/unknown
26-03-27 09:42:39.031 [restartedMain] INFO  o.h.e.t.j.p.i.JtaPlatformInitiator - HHH000489: No JTA platform available (set 'hibernate.transaction.jta.platform' to enable JTA platform integration)
26-03-27 09:42:39.039 [restartedMain] INFO  o.s.o.j.LocalContainerEntityManagerFactoryBean - Initialized JPA EntityManagerFactory for persistence unit 'default'
26-03-27 09:42:40.124 [restartedMain] INFO  o.s.d.j.r.query.QueryEnhancerFactory - Hibernate is in classpath; If applicable, HQL parser will be used.
26-03-27 09:42:41.305 [restartedMain] INFO  o.s.b.a.w.s.WelcomePageHandlerMapping - Adding welcome page: class path resource [static/index.html]
26-03-27 09:42:42.361 [restartedMain] INFO  o.s.b.a.h.H2ConsoleAutoConfiguration - H2 console available at '/h2-console'. Database available at 'jdbc:h2:mem:discodeit_db'
26-03-27 09:42:42.376 [restartedMain] DEBUG o.s.jdbc.datasource.init.ScriptUtils - Executing SQL script from class path resource [schema.sql]
26-03-27 09:42:42.399 [restartedMain] DEBUG o.s.jdbc.datasource.init.ScriptUtils - 0 returned as update count for SQL: CREATE TABLE binary_contents ( id uuid PRIMARY KEY, created_at timestamp with time zone NOT NULL, file_name varchar(255) NOT NULL, size bigint NOT NULL, content_type varchar(100) NOT NULL )
26-03-27 09:42:42.421 [restartedMain] DEBUG o.s.jdbc.datasource.init.ScriptUtils - 0 returned as update count for SQL: CREATE TABLE channels ( id uuid PRIMARY KEY, created_at timestamp with time zone NOT NULL, updated_at timestamp with time zone, name varchar(100), description varchar(500), type varchar(10) NOT NULL, CONSTRAINT check_channel_type CHECK (type IN ('PUBLIC', 'PRIVATE')) )
26-03-27 09:42:42.436 [restartedMain] DEBUG o.s.jdbc.datasource.init.ScriptUtils - 0 returned as update count for SQL: CREATE TABLE users ( id uuid PRIMARY KEY, created_at timestamp with time zone NOT NULL, updated_at timestamp with time zone, username varchar(50) UNIQUE NOT NULL, email varchar(100) UNIQUE NOT NULL, password varchar(60) NOT NULL, profile_id uuid UNIQUE, CONSTRAINT fk_profile FOREIGN KEY (profile_id) REFERENCES binary_contents (id) ON DELETE SET NULL )
26-03-27 09:42:42.440 [restartedMain] DEBUG o.s.jdbc.datasource.init.ScriptUtils - 0 returned as update count for SQL: CREATE TABLE user_statuses ( id uuid PRIMARY KEY, created_at timestamp with time zone NOT NULL, updated_at timestamp with time zone, user_id uuid UNIQUE NOT NULL, last_active_at timestamp with time zone NOT NULL, CONSTRAINT fk_user_status_user FOREIGN KEY (user_id) REFERENCES users (id) ON DELETE CASCADE )
26-03-27 09:42:42.448 [restartedMain] DEBUG o.s.jdbc.datasource.init.ScriptUtils - 0 returned as update count for SQL: CREATE TABLE read_statuses ( id uuid PRIMARY KEY, created_at timestamp with time zone NOT NULL, updated_at timestamp with time zone, user_id uuid NOT NULL, channel_id uuid NOT NULL, last_read_at timestamp with time zone NOT NULL, CONSTRAINT fk_read_status_user FOREIGN KEY (user_id) REFERENCES users (id) ON DELETE CASCADE, CONSTRAINT fk_read_status_channel FOREIGN KEY (channel_id) REFERENCES channels (id) ON DELETE CASCADE, CONSTRAINT uk_user_channel UNIQUE (user_id, channel_id) )
26-03-27 09:42:42.453 [restartedMain] DEBUG o.s.jdbc.datasource.init.ScriptUtils - 0 returned as update count for SQL: CREATE TABLE messages ( id uuid PRIMARY KEY, created_at timestamp with time zone NOT NULL, updated_at timestamp with time zone, content text, channel_id uuid NOT NULL, author_id uuid NOT NULL, CONSTRAINT fk_message_channel FOREIGN KEY (channel_id) REFERENCES channels (id) ON DELETE CASCADE, CONSTRAINT fk_message_author FOREIGN KEY (author_id) REFERENCES users (id) ON DELETE SET NULL )
26-03-27 09:42:42.458 [restartedMain] DEBUG o.s.jdbc.datasource.init.ScriptUtils - 0 returned as update count for SQL: CREATE TABLE message_attachments ( message_id uuid NOT NULL, attachment_id uuid NOT NULL, CONSTRAINT fk_message FOREIGN KEY (message_id) REFERENCES messages (id) ON DELETE CASCADE, CONSTRAINT fk_attachment FOREIGN KEY (attachment_id) REFERENCES binary_contents (id) ON DELETE CASCADE )
26-03-27 09:42:42.459 [restartedMain] DEBUG o.s.jdbc.datasource.init.ScriptUtils - Executed SQL script from class path resource [schema.sql] in 81 ms.
26-03-27 09:42:42.545 [restartedMain] INFO  o.s.b.d.a.OptionalLiveReloadServer - LiveReload server is running on port 35729
26-03-27 09:42:42.557 [restartedMain] INFO  o.s.b.a.e.web.EndpointLinksResolver - Exposing 4 endpoints beneath base path '/actuator'
26-03-27 09:42:42.710 [restartedMain] INFO  o.a.coyote.http11.Http11NioProtocol - Starting ProtocolHandler ["http-nio-8080"]
26-03-27 09:42:42.749 [restartedMain] INFO  o.s.b.w.e.tomcat.TomcatWebServer - Tomcat started on port 8080 (http) with context path '/'
26-03-27 09:42:42.792 [restartedMain] INFO  c.s.m.discodeit.DiscodeitApplication - Started DiscodeitApplication in 14.964 seconds (process running for 16.562)
26-03-27 09:42:43.641 [RMI TCP Connection(1)-192.168.0.30] INFO  o.a.c.c.C.[Tomcat].[localhost].[/] - Initializing Spring DispatcherServlet 'dispatcherServlet'
26-03-27 09:42:43.642 [RMI TCP Connection(1)-192.168.0.30] INFO  o.s.web.servlet.DispatcherServlet - Initializing Servlet 'dispatcherServlet'
26-03-27 09:42:43.646 [RMI TCP Connection(1)-192.168.0.30] INFO  o.s.web.servlet.DispatcherServlet - Completed initialization in 3 ms
26-03-27 09:51:37.733 [SpringApplicationShutdownHook] INFO  o.s.b.w.e.tomcat.GracefulShutdown - Commencing graceful shutdown. Waiting for active requests to complete
26-03-27 09:51:38.416 [tomcat-shutdown] INFO  o.s.b.w.e.tomcat.GracefulShutdown - Graceful shutdown complete
26-03-27 09:51:38.441 [SpringApplicationShutdownHook] INFO  o.s.o.j.LocalContainerEntityManagerFactoryBean - Closing JPA EntityManagerFactory for persistence unit 'default'
26-03-27 09:51:38.451 [SpringApplicationShutdownHook] WARN  o.s.b.f.s.DisposableBeanAdapter - Invocation of destroy method failed on bean with name 'inMemoryDatabaseShutdownExecutor': org.h2.jdbc.JdbcSQLNonTransientConnectionException: Database is already closed (to disable automatic closing at VM shutdown, add ";DB_CLOSE_ON_EXIT=FALSE" to the db URL) [90121-232]
26-03-27 09:51:38.451 [SpringApplicationShutdownHook] INFO  com.zaxxer.hikari.HikariDataSource - HikariPool-1 - Shutdown initiated...
26-03-27 09:51:38.453 [SpringApplicationShutdownHook] INFO  com.zaxxer.hikari.HikariDataSource - HikariPool-1 - Shutdown completed.
26-03-27 09:51:42.679 [background-preinit] INFO  o.h.validator.internal.util.Version - HV000001: Hibernate Validator 8.0.3.Final
26-03-27 09:51:42.761 [restartedMain] INFO  c.s.m.discodeit.DiscodeitApplication - Starting DiscodeitApplication using Java 17.0.15 with PID 5900 (C:\Users\ASUS\Desktop\dev\web\codeit_sprint_bootcamp\sprint-mission\9-sprint-mission\discodeit\build\classes\java\main started by ASUS in C:\Users\ASUS\Desktop\dev\web\codeit_sprint_bootcamp\sprint-mission\9-sprint-mission)
26-03-27 09:51:42.763 [restartedMain] INFO  c.s.m.discodeit.DiscodeitApplication - The following 1 profile is active: "dev"
26-03-27 09:51:42.829 [restartedMain] INFO  o.s.b.d.e.DevToolsPropertyDefaultsPostProcessor - Devtools property defaults active! Set 'spring.devtools.add-properties' to 'false' to disable
26-03-27 09:51:42.830 [restartedMain] INFO  o.s.b.d.e.DevToolsPropertyDefaultsPostProcessor - For additional web related logging consider setting the 'logging.level.web' property to 'DEBUG'
26-03-27 09:51:44.795 [restartedMain] INFO  o.s.d.r.c.RepositoryConfigurationDelegate - Bootstrapping Spring Data JPA repositories in DEFAULT mode.
26-03-27 09:51:44.936 [restartedMain] INFO  o.s.d.r.c.RepositoryConfigurationDelegate - Finished Spring Data repository scanning in 126 ms. Found 6 JPA repository interfaces.
26-03-27 09:51:45.982 [restartedMain] INFO  o.s.b.w.e.tomcat.TomcatWebServer - Tomcat initialized with port 8080 (http)
26-03-27 09:51:46.000 [restartedMain] INFO  o.a.coyote.http11.Http11NioProtocol - Initializing ProtocolHandler ["http-nio-8080"]
26-03-27 09:51:46.003 [restartedMain] INFO  o.a.catalina.core.StandardService - Starting service [Tomcat]
26-03-27 09:51:46.003 [restartedMain] INFO  o.a.catalina.core.StandardEngine - Starting Servlet engine: [Apache Tomcat/10.1.50]
26-03-27 09:51:46.111 [restartedMain] INFO  o.a.c.c.C.[Tomcat].[localhost].[/] - Initializing Spring embedded WebApplicationContext
26-03-27 09:51:46.111 [restartedMain] INFO  o.s.b.w.s.c.ServletWebServerApplicationContext - Root WebApplicationContext: initialization completed in 3280 ms
26-03-27 09:51:46.572 [restartedMain] INFO  o.h.jpa.internal.util.LogHelper - HHH000204: Processing PersistenceUnitInfo [name: default]
26-03-27 09:51:46.687 [restartedMain] INFO  org.hibernate.Version - HHH000412: Hibernate ORM core version 6.6.41.Final
26-03-27 09:51:46.763 [restartedMain] INFO  o.h.c.i.RegionFactoryInitiator - HHH000026: Second-level cache disabled
26-03-27 09:51:47.323 [restartedMain] INFO  o.s.o.j.p.SpringPersistenceUnitInfo - No LoadTimeWeaver setup: ignoring JPA class transformer
26-03-27 09:51:47.386 [restartedMain] INFO  com.zaxxer.hikari.HikariDataSource - HikariPool-1 - Starting...
26-03-27 09:51:47.732 [restartedMain] INFO  com.zaxxer.hikari.pool.HikariPool - HikariPool-1 - Added connection conn0: url=jdbc:h2:mem:discodeit_db user=SA
26-03-27 09:51:47.736 [restartedMain] INFO  com.zaxxer.hikari.HikariDataSource - HikariPool-1 - Start completed.
26-03-27 09:51:47.778 [restartedMain] WARN  org.hibernate.orm.deprecation - HHH90000025: H2Dialect does not need to be specified explicitly using 'hibernate.dialect' (remove the property setting and it will be selected by default)
26-03-27 09:51:47.818 [restartedMain] INFO  o.hibernate.orm.connections.pooling - HHH10001005: Database info:
	Database JDBC URL [Connecting through datasource 'HikariDataSource (HikariPool-1)']
	Database driver: undefined/unknown
	Database version: 2.3.232
	Autocommit mode: undefined/unknown
	Isolation level: undefined/unknown
	Minimum pool size: undefined/unknown
	Maximum pool size: undefined/unknown
26-03-27 09:51:49.692 [restartedMain] INFO  o.h.e.t.j.p.i.JtaPlatformInitiator - HHH000489: No JTA platform available (set 'hibernate.transaction.jta.platform' to enable JTA platform integration)
26-03-27 09:51:49.697 [restartedMain] INFO  o.s.o.j.LocalContainerEntityManagerFactoryBean - Initialized JPA EntityManagerFactory for persistence unit 'default'
26-03-27 09:51:50.411 [restartedMain] INFO  o.s.d.j.r.query.QueryEnhancerFactory - Hibernate is in classpath; If applicable, HQL parser will be used.
26-03-27 09:51:51.356 [restartedMain] INFO  o.s.b.a.w.s.WelcomePageHandlerMapping - Adding welcome page: class path resource [static/index.html]
26-03-27 09:51:52.269 [restartedMain] INFO  o.s.b.a.h.H2ConsoleAutoConfiguration - H2 console available at '/h2-console'. Database available at 'jdbc:h2:mem:discodeit_db'
26-03-27 09:51:52.284 [restartedMain] DEBUG o.s.jdbc.datasource.init.ScriptUtils - Executing SQL script from class path resource [schema.sql]
26-03-27 09:51:52.302 [restartedMain] DEBUG o.s.jdbc.datasource.init.ScriptUtils - 0 returned as update count for SQL: CREATE TABLE binary_contents ( id uuid PRIMARY KEY, created_at timestamp with time zone NOT NULL, file_name varchar(255) NOT NULL, size bigint NOT NULL, content_type varchar(100) NOT NULL )
26-03-27 09:51:52.321 [restartedMain] DEBUG o.s.jdbc.datasource.init.ScriptUtils - 0 returned as update count for SQL: CREATE TABLE channels ( id uuid PRIMARY KEY, created_at timestamp with time zone NOT NULL, updated_at timestamp with time zone, name varchar(100), description varchar(500), type varchar(10) NOT NULL, CONSTRAINT check_channel_type CHECK (type IN ('PUBLIC', 'PRIVATE')) )
26-03-27 09:51:52.333 [restartedMain] DEBUG o.s.jdbc.datasource.init.ScriptUtils - 0 returned as update count for SQL: CREATE TABLE users ( id uuid PRIMARY KEY, created_at timestamp with time zone NOT NULL, updated_at timestamp with time zone, username varchar(50) UNIQUE NOT NULL, email varchar(100) UNIQUE NOT NULL, password varchar(60) NOT NULL, profile_id uuid UNIQUE, CONSTRAINT fk_profile FOREIGN KEY (profile_id) REFERENCES binary_contents (id) ON DELETE SET NULL )
26-03-27 09:51:52.336 [restartedMain] DEBUG o.s.jdbc.datasource.init.ScriptUtils - 0 returned as update count for SQL: CREATE TABLE user_statuses ( id uuid PRIMARY KEY, created_at timestamp with time zone NOT NULL, updated_at timestamp with time zone, user_id uuid UNIQUE NOT NULL, last_active_at timestamp with time zone NOT NULL, CONSTRAINT fk_user_status_user FOREIGN KEY (user_id) REFERENCES users (id) ON DELETE CASCADE )
26-03-27 09:51:52.344 [restartedMain] DEBUG o.s.jdbc.datasource.init.ScriptUtils - 0 returned as update count for SQL: CREATE TABLE read_statuses ( id uuid PRIMARY KEY, created_at timestamp with time zone NOT NULL, updated_at timestamp with time zone, user_id uuid NOT NULL, channel_id uuid NOT NULL, last_read_at timestamp with time zone NOT NULL, CONSTRAINT fk_read_status_user FOREIGN KEY (user_id) REFERENCES users (id) ON DELETE CASCADE, CONSTRAINT fk_read_status_channel FOREIGN KEY (channel_id) REFERENCES channels (id) ON DELETE CASCADE, CONSTRAINT uk_user_channel UNIQUE (user_id, channel_id) )
26-03-27 09:51:52.349 [restartedMain] DEBUG o.s.jdbc.datasource.init.ScriptUtils - 0 returned as update count for SQL: CREATE TABLE messages ( id uuid PRIMARY KEY, created_at timestamp with time zone NOT NULL, updated_at timestamp with time zone, content text, channel_id uuid NOT NULL, author_id uuid NOT NULL, CONSTRAINT fk_message_channel FOREIGN KEY (channel_id) REFERENCES channels (id) ON DELETE CASCADE, CONSTRAINT fk_message_author FOREIGN KEY (author_id) REFERENCES users (id) ON DELETE SET NULL )
26-03-27 09:51:52.354 [restartedMain] DEBUG o.s.jdbc.datasource.init.ScriptUtils - 0 returned as update count for SQL: CREATE TABLE message_attachments ( message_id uuid NOT NULL, attachment_id uuid NOT NULL, CONSTRAINT fk_message FOREIGN KEY (message_id) REFERENCES messages (id) ON DELETE CASCADE, CONSTRAINT fk_attachment FOREIGN KEY (attachment_id) REFERENCES binary_contents (id) ON DELETE CASCADE )
26-03-27 09:51:52.355 [restartedMain] DEBUG o.s.jdbc.datasource.init.ScriptUtils - Executed SQL script from class path resource [schema.sql] in 70 ms.
26-03-27 09:51:52.437 [restartedMain] INFO  o.s.b.d.a.OptionalLiveReloadServer - LiveReload server is running on port 35729
26-03-27 09:51:52.450 [restartedMain] INFO  o.s.b.a.e.web.EndpointLinksResolver - Exposing 4 endpoints beneath base path '/actuator'
26-03-27 09:51:52.587 [restartedMain] INFO  o.a.coyote.http11.Http11NioProtocol - Starting ProtocolHandler ["http-nio-8080"]
26-03-27 09:51:52.620 [restartedMain] INFO  o.s.b.w.e.tomcat.TomcatWebServer - Tomcat started on port 8080 (http) with context path '/'
26-03-27 09:51:52.649 [restartedMain] INFO  c.s.m.discodeit.DiscodeitApplication - Started DiscodeitApplication in 10.801 seconds (process running for 11.773)
26-03-27 09:51:53.202 [RMI TCP Connection(1)-192.168.0.30] INFO  o.a.c.c.C.[Tomcat].[localhost].[/] - Initializing Spring DispatcherServlet 'dispatcherServlet'
26-03-27 09:51:53.203 [RMI TCP Connection(1)-192.168.0.30] INFO  o.s.web.servlet.DispatcherServlet - Initializing Servlet 'dispatcherServlet'
26-03-27 09:51:53.205 [RMI TCP Connection(1)-192.168.0.30] INFO  o.s.web.servlet.DispatcherServlet - Completed initialization in 2 ms
26-03-27 09:58:22.742 [SpringApplicationShutdownHook] INFO  o.s.b.w.e.tomcat.GracefulShutdown - Commencing graceful shutdown. Waiting for active requests to complete
26-03-27 09:58:23.426 [tomcat-shutdown] INFO  o.s.b.w.e.tomcat.GracefulShutdown - Graceful shutdown complete
26-03-27 09:58:23.437 [SpringApplicationShutdownHook] INFO  o.s.o.j.LocalContainerEntityManagerFactoryBean - Closing JPA EntityManagerFactory for persistence unit 'default'
26-03-27 09:58:23.446 [SpringApplicationShutdownHook] WARN  o.s.b.f.s.DisposableBeanAdapter - Invocation of destroy method failed on bean with name 'inMemoryDatabaseShutdownExecutor': org.h2.jdbc.JdbcSQLNonTransientConnectionException: Database is already closed (to disable automatic closing at VM shutdown, add ";DB_CLOSE_ON_EXIT=FALSE" to the db URL) [90121-232]
26-03-27 09:58:23.447 [SpringApplicationShutdownHook] INFO  com.zaxxer.hikari.HikariDataSource - HikariPool-1 - Shutdown initiated...
26-03-27 09:58:23.449 [SpringApplicationShutdownHook] INFO  com.zaxxer.hikari.HikariDataSource - HikariPool-1 - Shutdown completed.
